// Jest Snapshot v1, https://goo.gl/fbAQLP

exports[`utils formatFileName should format a string when all capabilities are provided with JSON Wire Protocol 1`] = `"jwp-devicename-jwp-orientation-jwp-platformname-jwp-platformversion-jwp-appearance.png"`;

exports[`utils formatFileName should format a string when all capabilities are provided with W3C Protocol 1`] = `"w3c-devicename-w3c-orientation-w3c-platformname-w3c-platformversion-w3c-appearance.png"`;

exports[`utils formatFileName should format a string when no capabilities are provided 1`] = `"no-device-name-in-caps-no-orientation-in-caps-no-platform-name-in-caps-no-platform-version-in-caps.png"`;

exports[`utils getScreenshotSize should be able to retrieve the screenshot size of an image 1`] = `
{
  "height": 1536,
  "width": 2732,
}
`;

exports[`utils multiplyIosObjectValuesAgainstDPR should be able to return data back for Android 1`] = `
{
  "v": 0,
  "x": 1,
  "y": 2,
  "z": 3,
}
`;

exports[`utils multiplyIosObjectValuesAgainstDPR should be able to return data back for iOS 1`] = `
{
  "v": 0,
  "x": 3,
  "y": 6,
  "z": 9,
}
`;
